................................................................................................................................................................................................ [  6%]
........................................................................