................................................................................................................................................................................................ [ 59%]
...........................................................................................................................s.......                                                              [100%]
========================================================================================= slowest 15 durations =========================================================================================
107.17s call     tests/test_bc_global_criteria.py::test_when_pretrained_checkpoint_loaded_into_ppo_trainer_then_one_update_step_succeeds
54.72s call     tests/test_bc_dataset.py::test_pbt_every_shard_has_at_most_shard_size_rows
49.44s call     tests/test_bc_dataset.py::test_pbt_obs_dim_is_always_137_for_any_n_games
37.58s call     tests/test_bc_dataset.py::test_pbt_manifest_total_rows_always_equals_shard_sum
35.73s call     tests/test_bc_dataset.py::test_pbt_label_arrays_always_aligned_with_obs_rows
34.04s call     tests/test_bc_dataset.py::test_pbt_action_component_arrays_always_present_for_any_n_games
28.41s call     tests/test_bc_workflow_docs.py::test_when_generate_bc_dataset_called_twice_with_same_seed_then_manifest_matches
20.34s call     tests/test_bc_workflow_docs.py::test_when_same_seed_and_config_then_dataset_manifests_are_identical
12.67s call     tests/test_bc_dataset.py::test_when_shards_loaded_then_each_has_at_most_shard_size_rows
11.67s call     tests/test_bc_dataset.py::test_when_same_seed_run_twice_then_shards_are_array_equal
11.56s call     tests/test_bc_dataset.py::test_when_same_seed_run_twice_then_manifest_total_rows_and_hash_match
11.24s call     tests/test_bc_dataset.py::test_when_n_games_is_larger_then_total_rows_is_nondecreasing
5.78s call     tests/test_bc_dataset.py::test_when_manifest_read_then_total_rows_equals_sum_of_all_shard_rows
3.75s call     tests/test_bc_dataset.py::test_when_explore_eps_is_zero_then_dataset_generation_succeeds
3.73s call     tests/test_bc_dataset.py::test_when_generate_bc_dataset_called_then_set_global_seeds_is_invoked
======================================================================================= short test summary info ========================================================================================
SKIPPED [1] tests/test_bc_workflow_docs.py:250: models/pretrained.pt not yet generated — run risiko-rl pretrain first
